<html>
<body>
<pre>
<h1>µVision Build Log</h1>
<h2>Project:</h2>
E:\ARM\systic - Copy\sys_tick_1.uvproj
Project File Date:  09/03/2018

<h2>Output:</h2>
Rebuild target 'Target 1'
assembling startup_TM4C123.s...
compiling systick.c...
systick.h(13): warning:  #1-D: last line of file ends without a newline
  void Systick_Set_Call_Back( void (*task)(void));
systick.c(5): warning:  #177-D: variable "count" was declared but never referenced
  static int count =0 ;
systick.c: 2 warnings, 0 errors
compiling main.c...
edge_triger.h(8): warning:  #1-D: last line of file ends without a newline
  void portb_set_call_back(void (*fun)(void));
systick.h(13): warning:  #1-D: last line of file ends without a newline
  void Systick_Set_Call_Back( void (*task)(void));
main.c(79): warning:  #1-D: last line of file ends without a newline
  }
main.c: 3 warnings, 0 errors
compiling pwm.c...
compiling edge_triger.c...
edge_triger.h(8): warning:  #1-D: last line of file ends without a newline
  void portb_set_call_back(void (*fun)(void));
edge_triger.c: 1 warning, 0 errors
linking...
Program Size: Code=1604 RO-data=652 RW-data=20 ZI-data=612  
".\sys_tick_1.axf" - 0 Error(s), 6 Warning(s).
Load "E:\\ARM\\systic - Copy\\sys_tick_1.axf" 
Connecting: Mode=JTAG, Speed=1000000Hz
Erase Done.
Programming Done.
Verify OK.
</pre>
</body>
</html>
rget DLL has been cancelled
Load "E:\\ARM\\systic - Copy\\sys_tick_1.axf" 
Connecting: Mode=JTAG, Speed=1000000Hz
Connection failed!, error code=&d
Error: Flash Download failed  -  Target DLL has been cancelled
Load "E:\\ARM\\systic - Copy\\sys_tick_1.axf" 
Connecting: Mode=JTAG, Speed=1000000Hz
Erase Done.
Programming Done.
Verify OK.
